🚀 Starting coordination igniter...

[TaskCoord] Connected to bridge as task-activator-1761046937692
✓ Connected as task-activator-1761046937692

[TaskCoord] Created task: task-1761046937718-kjr9jqggb - "Map current agents & capabilities"
[TaskCoord] Created task: task-1761046937722-8bkecntjt - "Health-check broadcast"
[TaskCoord] Created task: task-1761046937725-6g2oqf5gv - "Task pipeline validation"
📡 Activation broadcast issued.
   - Waiting for acknowledgements via session.sync

🔁 Reminder broadcast sent. Stats: {"total":3,"available":3,"claimed":0,"completed":0,"claimedByUs":0,"createdByUs":3}
🔁 Reminder broadcast sent. Stats: {"total":3,"available":3,"claimed":0,"completed":0,"claimedByUs":0,"createdByUs":3}
🔁 Reminder broadcast sent. Stats: {"total":3,"available":3,"claimed":0,"completed":0,"claimedByUs":0,"createdByUs":3}
🔁 Reminder broadcast sent. Stats: {"total":3,"available":3,"claimed":0,"completed":0,"claimedByUs":0,"createdByUs":3}
🔁 Reminder broadcast sent. Stats: {"total":3,"available":3,"claimed":0,"completed":0,"claimedByUs":0,"createdByUs":3}
🔁 Reminder broadcast sent. Stats: {"total":3,"available":3,"claimed":0,"completed":0,"claimedByUs":0,"createdByUs":3}
🔁 Reminder broadcast sent. Stats: {"total":3,"available":3,"claimed":0,"completed":0,"claimedByUs":0,"createdByUs":3}
🔁 Reminder broadcast sent. Stats: {"total":3,"available":3,"claimed":0,"completed":0,"claimedByUs":0,"createdByUs":3}
🔁 Reminder broadcast sent. Stats: {"total":3,"available":3,"claimed":0,"completed":0,"claimedByUs":0,"createdByUs":3}
🔁 Reminder broadcast sent. Stats: {"total":3,"available":3,"claimed":0,"completed":0,"claimedByUs":0,"createdByUs":3}
🔁 Reminder broadcast sent. Stats: {"total":3,"available":3,"claimed":0,"completed":0,"claimedByUs":0,"createdByUs":3}
🔁 Reminder broadcast sent. Stats: {"total":3,"available":3,"claimed":0,"completed":0,"claimedByUs":0,"createdByUs":3}
🔁 Reminder broadcast sent. Stats: {"total":3,"available":3,"claimed":0,"completed":0,"claimedByUs":0,"createdByUs":3}
🔁 Reminder broadcast sent. Stats: {"total":3,"available":3,"claimed":0,"completed":0,"claimedByUs":0,"createdByUs":3}
🔁 Reminder broadcast sent. Stats: {"total":3,"available":3,"claimed":0,"completed":0,"claimedByUs":0,"createdByUs":3}
🔁 Reminder broadcast sent. Stats: {"total":3,"available":3,"claimed":0,"completed":0,"claimedByUs":0,"createdByUs":3}
🔁 Reminder broadcast sent. Stats: {"total":3,"available":3,"claimed":0,"completed":0,"claimedByUs":0,"createdByUs":3}
🔁 Reminder broadcast sent. Stats: {"total":3,"available":3,"claimed":0,"completed":0,"claimedByUs":0,"createdByUs":3}
🔁 Reminder broadcast sent. Stats: {"total":3,"available":3,"claimed":0,"completed":0,"claimedByUs":0,"createdByUs":3}
🔁 Reminder broadcast sent. Stats: {"total":3,"available":3,"claimed":0,"completed":0,"claimedByUs":0,"createdByUs":3}
🔁 Reminder broadcast sent. Stats: {"total":3,"available":3,"claimed":0,"completed":0,"claimedByUs":0,"createdByUs":3}
🔁 Reminder broadcast sent. Stats: {"total":3,"available":3,"claimed":0,"completed":0,"claimedByUs":0,"createdByUs":3}
🔁 Reminder broadcast sent. Stats: {"total":3,"available":3,"claimed":0,"completed":0,"claimedByUs":0,"createdByUs":3}
🔁 Reminder broadcast sent. Stats: {"total":3,"available":3,"claimed":0,"completed":0,"claimedByUs":0,"createdByUs":3}
🔁 Reminder broadcast sent. Stats: {"total":3,"available":3,"claimed":0,"completed":0,"claimedByUs":0,"createdByUs":3}
🔁 Reminder broadcast sent. Stats: {"total":3,"available":3,"claimed":0,"completed":0,"claimedByUs":0,"createdByUs":3}
🔁 Reminder broadcast sent. Stats: {"total":3,"available":3,"claimed":0,"completed":0,"claimedByUs":0,"createdByUs":3}
🔁 Reminder broadcast sent. Stats: {"total":3,"available":3,"claimed":0,"completed":0,"claimedByUs":0,"createdByUs":3}
🔁 Reminder broadcast sent. Stats: {"total":3,"available":3,"claimed":0,"completed":0,"claimedByUs":0,"createdByUs":3}
🔁 Reminder broadcast sent. Stats: {"total":3,"available":3,"claimed":0,"completed":0,"claimedByUs":0,"createdByUs":3}
🔁 Reminder broadcast sent. Stats: {"total":3,"available":3,"claimed":0,"completed":0,"claimedByUs":0,"createdByUs":3}
🔁 Reminder broadcast sent. Stats: {"total":3,"available":3,"claimed":0,"completed":0,"claimedByUs":0,"createdByUs":3}
🔁 Reminder broadcast sent. Stats: {"total":3,"available":3,"claimed":0,"completed":0,"claimedByUs":0,"createdByUs":3}
🔁 Reminder broadcast sent. Stats: {"total":3,"available":3,"claimed":0,"completed":0,"claimedByUs":0,"createdByUs":3}
🔁 Reminder broadcast sent. Stats: {"total":3,"available":3,"claimed":0,"completed":0,"claimedByUs":0,"createdByUs":3}
🔁 Reminder broadcast sent. Stats: {"total":3,"available":3,"claimed":0,"completed":0,"claimedByUs":0,"createdByUs":3}
🔁 Reminder broadcast sent. Stats: {"total":3,"available":3,"claimed":0,"completed":0,"claimedByUs":0,"createdByUs":3}
🔁 Reminder broadcast sent. Stats: {"total":3,"available":3,"claimed":0,"completed":0,"claimedByUs":0,"createdByUs":3}
🔁 Reminder broadcast sent. Stats: {"total":3,"available":3,"claimed":0,"completed":0,"claimedByUs":0,"createdByUs":3}
🔁 Reminder broadcast sent. Stats: {"total":3,"available":3,"claimed":0,"completed":0,"claimedByUs":0,"createdByUs":3}
🔁 Reminder broadcast sent. Stats: {"total":3,"available":3,"claimed":0,"completed":0,"claimedByUs":0,"createdByUs":3}
🔁 Reminder broadcast sent. Stats: {"total":3,"available":3,"claimed":0,"completed":0,"claimedByUs":0,"createdByUs":3}
🔁 Reminder broadcast sent. Stats: {"total":3,"available":3,"claimed":0,"completed":0,"claimedByUs":0,"createdByUs":3}
🔁 Reminder broadcast sent. Stats: {"total":3,"available":3,"claimed":0,"completed":0,"claimedByUs":0,"createdByUs":3}
🔁 Reminder broadcast sent. Stats: {"total":3,"available":3,"claimed":0,"completed":0,"claimedByUs":0,"createdByUs":3}
🔁 Reminder broadcast sent. Stats: {"total":3,"available":3,"claimed":0,"completed":0,"claimedByUs":0,"createdByUs":3}
🔁 Reminder broadcast sent. Stats: {"total":3,"available":3,"claimed":0,"completed":0,"claimedByUs":0,"createdByUs":3}
🔁 Reminder broadcast sent. Stats: {"total":3,"available":3,"claimed":0,"completed":0,"claimedByUs":0,"createdByUs":3}
🔁 Reminder broadcast sent. Stats: {"total":3,"available":3,"claimed":0,"completed":0,"claimedByUs":0,"createdByUs":3}
🔁 Reminder broadcast sent. Stats: {"total":3,"available":3,"claimed":0,"completed":0,"claimedByUs":0,"createdByUs":3}
🔁 Reminder broadcast sent. Stats: {"total":3,"available":3,"claimed":0,"completed":0,"claimedByUs":0,"createdByUs":3}
🔁 Reminder broadcast sent. Stats: {"total":3,"available":3,"claimed":0,"completed":0,"claimedByUs":0,"createdByUs":3}
🔁 Reminder broadcast sent. Stats: {"total":3,"available":3,"claimed":0,"completed":0,"claimedByUs":0,"createdByUs":3}
🔁 Reminder broadcast sent. Stats: {"total":3,"available":3,"claimed":0,"completed":0,"claimedByUs":0,"createdByUs":3}
🔁 Reminder broadcast sent. Stats: {"total":3,"available":3,"claimed":0,"completed":0,"claimedByUs":0,"createdByUs":3}
🔁 Reminder broadcast sent. Stats: {"total":3,"available":3,"claimed":0,"completed":0,"claimedByUs":0,"createdByUs":3}
🔁 Reminder broadcast sent. Stats: {"total":3,"available":3,"claimed":0,"completed":0,"claimedByUs":0,"createdByUs":3}
🔁 Reminder broadcast sent. Stats: {"total":3,"available":3,"claimed":0,"completed":0,"claimedByUs":0,"createdByUs":3}
🔁 Reminder broadcast sent. Stats: {"total":3,"available":3,"claimed":0,"completed":0,"claimedByUs":0,"createdByUs":3}
🔁 Reminder broadcast sent. Stats: {"total":3,"available":3,"claimed":0,"completed":0,"claimedByUs":0,"createdByUs":3}
🔁 Reminder broadcast sent. Stats: {"total":3,"available":3,"claimed":0,"completed":0,"claimedByUs":0,"createdByUs":3}
🔁 Reminder broadcast sent. Stats: {"total":3,"available":3,"claimed":0,"completed":0,"claimedByUs":0,"createdByUs":3}
🔁 Reminder broadcast sent. Stats: {"total":3,"available":3,"claimed":0,"completed":0,"claimedByUs":0,"createdByUs":3}
🔁 Reminder broadcast sent. Stats: {"total":3,"available":3,"claimed":0,"completed":0,"claimedByUs":0,"createdByUs":3}
🔁 Reminder broadcast sent. Stats: {"total":3,"available":3,"claimed":0,"completed":0,"claimedByUs":0,"createdByUs":3}
🔁 Reminder broadcast sent. Stats: {"total":3,"available":3,"claimed":0,"completed":0,"claimedByUs":0,"createdByUs":3}
🔁 Reminder broadcast sent. Stats: {"total":3,"available":3,"claimed":0,"completed":0,"claimedByUs":0,"createdByUs":3}
🔁 Reminder broadcast sent. Stats: {"total":3,"available":3,"claimed":0,"completed":0,"claimedByUs":0,"createdByUs":3}
🔁 Reminder broadcast sent. Stats: {"total":3,"available":3,"claimed":0,"completed":0,"claimedByUs":0,"createdByUs":3}
🔁 Reminder broadcast sent. Stats: {"total":3,"available":3,"claimed":0,"completed":0,"claimedByUs":0,"createdByUs":3}
🔁 Reminder broadcast sent. Stats: {"total":3,"available":3,"claimed":0,"completed":0,"claimedByUs":0,"createdByUs":3}
🔁 Reminder broadcast sent. Stats: {"total":3,"available":3,"claimed":0,"completed":0,"claimedByUs":0,"createdByUs":3}
🔁 Reminder broadcast sent. Stats: {"total":3,"available":3,"claimed":0,"completed":0,"claimedByUs":0,"createdByUs":3}
🔁 Reminder broadcast sent. Stats: {"total":3,"available":3,"claimed":0,"completed":0,"claimedByUs":0,"createdByUs":3}
🔁 Reminder broadcast sent. Stats: {"total":3,"available":3,"claimed":0,"completed":0,"claimedByUs":0,"createdByUs":3}
🔁 Reminder broadcast sent. Stats: {"total":3,"available":3,"claimed":0,"completed":0,"claimedByUs":0,"createdByUs":3}
🔁 Reminder broadcast sent. Stats: {"total":3,"available":3,"claimed":0,"completed":0,"claimedByUs":0,"createdByUs":3}
🔁 Reminder broadcast sent. Stats: {"total":3,"available":3,"claimed":0,"completed":0,"claimedByUs":0,"createdByUs":3}
🔁 Reminder broadcast sent. Stats: {"total":3,"available":3,"claimed":0,"completed":0,"claimedByUs":0,"createdByUs":3}
🔁 Reminder broadcast sent. Stats: {"total":3,"available":3,"claimed":0,"completed":0,"claimedByUs":0,"createdByUs":3}
🔁 Reminder broadcast sent. Stats: {"total":3,"available":3,"claimed":0,"completed":0,"claimedByUs":0,"createdByUs":3}
🔁 Reminder broadcast sent. Stats: {"total":3,"available":3,"claimed":0,"completed":0,"claimedByUs":0,"createdByUs":3}
🔁 Reminder broadcast sent. Stats: {"total":3,"available":3,"claimed":0,"completed":0,"claimedByUs":0,"createdByUs":3}
🔁 Reminder broadcast sent. Stats: {"total":3,"available":3,"claimed":0,"completed":0,"claimedByUs":0,"createdByUs":3}
🔁 Reminder broadcast sent. Stats: {"total":3,"available":3,"claimed":0,"completed":0,"claimedByUs":0,"createdByUs":3}
🔁 Reminder broadcast sent. Stats: {"total":3,"available":3,"claimed":0,"completed":0,"claimedByUs":0,"createdByUs":3}
🔁 Reminder broadcast sent. Stats: {"total":3,"available":3,"claimed":0,"completed":0,"claimedByUs":0,"createdByUs":3}
🔁 Reminder broadcast sent. Stats: {"total":3,"available":3,"claimed":0,"completed":0,"claimedByUs":0,"createdByUs":3}
🔁 Reminder broadcast sent. Stats: {"total":3,"available":3,"claimed":0,"completed":0,"claimedByUs":0,"createdByUs":3}
🔁 Reminder broadcast sent. Stats: {"total":3,"available":3,"claimed":0,"completed":0,"claimedByUs":0,"createdByUs":3}
🔁 Reminder broadcast sent. Stats: {"total":3,"available":3,"claimed":0,"completed":0,"claimedByUs":0,"createdByUs":3}
🔁 Reminder broadcast sent. Stats: {"total":3,"available":3,"claimed":0,"completed":0,"claimedByUs":0,"createdByUs":3}
🔁 Reminder broadcast sent. Stats: {"total":3,"available":3,"claimed":0,"completed":0,"claimedByUs":0,"createdByUs":3}
🔁 Reminder broadcast sent. Stats: {"total":3,"available":3,"claimed":0,"completed":0,"claimedByUs":0,"createdByUs":3}
🔁 Reminder broadcast sent. Stats: {"total":3,"available":3,"claimed":0,"completed":0,"claimedByUs":0,"createdByUs":3}
🔁 Reminder broadcast sent. Stats: {"total":3,"available":3,"claimed":0,"completed":0,"claimedByUs":0,"createdByUs":3}
🔁 Reminder broadcast sent. Stats: {"total":3,"available":3,"claimed":0,"completed":0,"claimedByUs":0,"createdByUs":3}
🔁 Reminder broadcast sent. Stats: {"total":3,"available":3,"claimed":0,"completed":0,"claimedByUs":0,"createdByUs":3}
🔁 Reminder broadcast sent. Stats: {"total":3,"available":3,"claimed":0,"completed":0,"claimedByUs":0,"createdByUs":3}
🔁 Reminder broadcast sent. Stats: {"total":3,"available":3,"claimed":0,"completed":0,"claimedByUs":0,"createdByUs":3}
🔁 Reminder broadcast sent. Stats: {"total":3,"available":3,"claimed":0,"completed":0,"claimedByUs":0,"createdByUs":3}
🔁 Reminder broadcast sent. Stats: {"total":3,"available":3,"claimed":0,"completed":0,"claimedByUs":0,"createdByUs":3}
🔁 Reminder broadcast sent. Stats: {"total":3,"available":3,"claimed":0,"completed":0,"claimedByUs":0,"createdByUs":3}
🔁 Reminder broadcast sent. Stats: {"total":3,"available":3,"claimed":0,"completed":0,"claimedByUs":0,"createdByUs":3}
🔁 Reminder broadcast sent. Stats: {"total":3,"available":3,"claimed":0,"completed":0,"claimedByUs":0,"createdByUs":3}
🔁 Reminder broadcast sent. Stats: {"total":3,"available":3,"claimed":0,"completed":0,"claimedByUs":0,"createdByUs":3}
🔁 Reminder broadcast sent. Stats: {"total":3,"available":3,"claimed":0,"completed":0,"claimedByUs":0,"createdByUs":3}
🔁 Reminder broadcast sent. Stats: {"total":3,"available":3,"claimed":0,"completed":0,"claimedByUs":0,"createdByUs":3}
🔁 Reminder broadcast sent. Stats: {"total":3,"available":3,"claimed":0,"completed":0,"claimedByUs":0,"createdByUs":3}
🔁 Reminder broadcast sent. Stats: {"total":3,"available":3,"claimed":0,"completed":0,"claimedByUs":0,"createdByUs":3}
🔁 Reminder broadcast sent. Stats: {"total":3,"available":3,"claimed":0,"completed":0,"claimedByUs":0,"createdByUs":3}
🔁 Reminder broadcast sent. Stats: {"total":3,"available":3,"claimed":0,"completed":0,"claimedByUs":0,"createdByUs":3}
🔁 Reminder broadcast sent. Stats: {"total":3,"available":3,"claimed":0,"completed":0,"claimedByUs":0,"createdByUs":3}
🔁 Reminder broadcast sent. Stats: {"total":3,"available":3,"claimed":0,"completed":0,"claimedByUs":0,"createdByUs":3}
🔁 Reminder broadcast sent. Stats: {"total":3,"available":3,"claimed":0,"completed":0,"claimedByUs":0,"createdByUs":3}
🔁 Reminder broadcast sent. Stats: {"total":3,"available":3,"claimed":0,"completed":0,"claimedByUs":0,"createdByUs":3}
🔁 Reminder broadcast sent. Stats: {"total":3,"available":3,"claimed":0,"completed":0,"claimedByUs":0,"createdByUs":3}
🔁 Reminder broadcast sent. Stats: {"total":3,"available":3,"claimed":0,"completed":0,"claimedByUs":0,"createdByUs":3}
🔁 Reminder broadcast sent. Stats: {"total":3,"available":3,"claimed":0,"completed":0,"claimedByUs":0,"createdByUs":3}
🔁 Reminder broadcast sent. Stats: {"total":3,"available":3,"claimed":0,"completed":0,"claimedByUs":0,"createdByUs":3}
🔁 Reminder broadcast sent. Stats: {"total":3,"available":3,"claimed":0,"completed":0,"claimedByUs":0,"createdByUs":3}
🔁 Reminder broadcast sent. Stats: {"total":3,"available":3,"claimed":0,"completed":0,"claimedByUs":0,"createdByUs":3}
🔁 Reminder broadcast sent. Stats: {"total":3,"available":3,"claimed":0,"completed":0,"claimedByUs":0,"createdByUs":3}
🔁 Reminder broadcast sent. Stats: {"total":3,"available":3,"claimed":0,"completed":0,"claimedByUs":0,"createdByUs":3}
🔁 Reminder broadcast sent. Stats: {"total":3,"available":3,"claimed":0,"completed":0,"claimedByUs":0,"createdByUs":3}
🔁 Reminder broadcast sent. Stats: {"total":3,"available":3,"claimed":0,"completed":0,"claimedByUs":0,"createdByUs":3}
🔁 Reminder broadcast sent. Stats: {"total":3,"available":3,"claimed":0,"completed":0,"claimedByUs":0,"createdByUs":3}
🔁 Reminder broadcast sent. Stats: {"total":3,"available":3,"claimed":0,"completed":0,"claimedByUs":0,"createdByUs":3}
🔁 Reminder broadcast sent. Stats: {"total":3,"available":3,"claimed":0,"completed":0,"claimedByUs":0,"createdByUs":3}
🔁 Reminder broadcast sent. Stats: {"total":3,"available":3,"claimed":0,"completed":0,"claimedByUs":0,"createdByUs":3}
🔁 Reminder broadcast sent. Stats: {"total":3,"available":3,"claimed":0,"completed":0,"claimedByUs":0,"createdByUs":3}
🔁 Reminder broadcast sent. Stats: {"total":3,"available":3,"claimed":0,"completed":0,"claimedByUs":0,"createdByUs":3}
🔁 Reminder broadcast sent. Stats: {"total":3,"available":3,"claimed":0,"completed":0,"claimedByUs":0,"createdByUs":3}
🔁 Reminder broadcast sent. Stats: {"total":3,"available":3,"claimed":0,"completed":0,"claimedByUs":0,"createdByUs":3}
🔁 Reminder broadcast sent. Stats: {"total":3,"available":3,"claimed":0,"completed":0,"claimedByUs":0,"createdByUs":3}
🔁 Reminder broadcast sent. Stats: {"total":3,"available":3,"claimed":0,"completed":0,"claimedByUs":0,"createdByUs":3}
🔁 Reminder broadcast sent. Stats: {"total":3,"available":3,"claimed":0,"completed":0,"claimedByUs":0,"createdByUs":3}
🔁 Reminder broadcast sent. Stats: {"total":3,"available":3,"claimed":0,"completed":0,"claimedByUs":0,"createdByUs":3}
🔁 Reminder broadcast sent. Stats: {"total":3,"available":3,"claimed":0,"completed":0,"claimedByUs":0,"createdByUs":3}
🔁 Reminder broadcast sent. Stats: {"total":3,"available":3,"claimed":0,"completed":0,"claimedByUs":0,"createdByUs":3}
🔁 Reminder broadcast sent. Stats: {"total":3,"available":3,"claimed":0,"completed":0,"claimedByUs":0,"createdByUs":3}
🔁 Reminder broadcast sent. Stats: {"total":3,"available":3,"claimed":0,"completed":0,"claimedByUs":0,"createdByUs":3}
🔁 Reminder broadcast sent. Stats: {"total":3,"available":3,"claimed":0,"completed":0,"claimedByUs":0,"createdByUs":3}
🔁 Reminder broadcast sent. Stats: {"total":3,"available":3,"claimed":0,"completed":0,"claimedByUs":0,"createdByUs":3}
🔁 Reminder broadcast sent. Stats: {"total":3,"available":3,"claimed":0,"completed":0,"claimedByUs":0,"createdByUs":3}
🔁 Reminder broadcast sent. Stats: {"total":3,"available":3,"claimed":0,"completed":0,"claimedByUs":0,"createdByUs":3}
🔁 Reminder broadcast sent. Stats: {"total":3,"available":3,"claimed":0,"completed":0,"claimedByUs":0,"createdByUs":3}
🔁 Reminder broadcast sent. Stats: {"total":3,"available":3,"claimed":0,"completed":0,"claimedByUs":0,"createdByUs":3}
🔁 Reminder broadcast sent. Stats: {"total":3,"available":3,"claimed":0,"completed":0,"claimedByUs":0,"createdByUs":3}
🔁 Reminder broadcast sent. Stats: {"total":3,"available":3,"claimed":0,"completed":0,"claimedByUs":0,"createdByUs":3}
🔁 Reminder broadcast sent. Stats: {"total":3,"available":3,"claimed":0,"completed":0,"claimedByUs":0,"createdByUs":3}
🔁 Reminder broadcast sent. Stats: {"total":3,"available":3,"claimed":0,"completed":0,"claimedByUs":0,"createdByUs":3}
🔁 Reminder broadcast sent. Stats: {"total":3,"available":3,"claimed":0,"completed":0,"claimedByUs":0,"createdByUs":3}
🔁 Reminder broadcast sent. Stats: {"total":3,"available":3,"claimed":0,"completed":0,"claimedByUs":0,"createdByUs":3}
🔁 Reminder broadcast sent. Stats: {"total":3,"available":3,"claimed":0,"completed":0,"claimedByUs":0,"createdByUs":3}
🔁 Reminder broadcast sent. Stats: {"total":3,"available":3,"claimed":0,"completed":0,"claimedByUs":0,"createdByUs":3}
🔁 Reminder broadcast sent. Stats: {"total":3,"available":3,"claimed":0,"completed":0,"claimedByUs":0,"createdByUs":3}
🔁 Reminder broadcast sent. Stats: {"total":3,"available":3,"claimed":0,"completed":0,"claimedByUs":0,"createdByUs":3}
🔁 Reminder broadcast sent. Stats: {"total":3,"available":3,"claimed":0,"completed":0,"claimedByUs":0,"createdByUs":3}
🔁 Reminder broadcast sent. Stats: {"total":3,"available":3,"claimed":0,"completed":0,"claimedByUs":0,"createdByUs":3}
🔁 Reminder broadcast sent. Stats: {"total":3,"available":3,"claimed":0,"completed":0,"claimedByUs":0,"createdByUs":3}
🔁 Reminder broadcast sent. Stats: {"total":3,"available":3,"claimed":0,"completed":0,"claimedByUs":0,"createdByUs":3}
🔁 Reminder broadcast sent. Stats: {"total":3,"available":3,"claimed":0,"completed":0,"claimedByUs":0,"createdByUs":3}
🔁 Reminder broadcast sent. Stats: {"total":3,"available":3,"claimed":0,"completed":0,"claimedByUs":0,"createdByUs":3}
🔁 Reminder broadcast sent. Stats: {"total":3,"available":3,"claimed":0,"completed":0,"claimedByUs":0,"createdByUs":3}
🔁 Reminder broadcast sent. Stats: {"total":3,"available":3,"claimed":0,"completed":0,"claimedByUs":0,"createdByUs":3}
🔁 Reminder broadcast sent. Stats: {"total":3,"available":3,"claimed":0,"completed":0,"claimedByUs":0,"createdByUs":3}
🔁 Reminder broadcast sent. Stats: {"total":3,"available":3,"claimed":0,"completed":0,"claimedByUs":0,"createdByUs":3}
🔁 Reminder broadcast sent. Stats: {"total":3,"available":3,"claimed":0,"completed":0,"claimedByUs":0,"createdByUs":3}
🔁 Reminder broadcast sent. Stats: {"total":3,"available":3,"claimed":0,"completed":0,"claimedByUs":0,"createdByUs":3}
🔁 Reminder broadcast sent. Stats: {"total":3,"available":3,"claimed":0,"completed":0,"claimedByUs":0,"createdByUs":3}
🔁 Reminder broadcast sent. Stats: {"total":3,"available":3,"claimed":0,"completed":0,"claimedByUs":0,"createdByUs":3}
🔁 Reminder broadcast sent. Stats: {"total":3,"available":3,"claimed":0,"completed":0,"claimedByUs":0,"createdByUs":3}
🔁 Reminder broadcast sent. Stats: {"total":3,"available":3,"claimed":0,"completed":0,"claimedByUs":0,"createdByUs":3}
🔁 Reminder broadcast sent. Stats: {"total":3,"available":3,"claimed":0,"completed":0,"claimedByUs":0,"createdByUs":3}
🔁 Reminder broadcast sent. Stats: {"total":3,"available":3,"claimed":0,"completed":0,"claimedByUs":0,"createdByUs":3}
🔁 Reminder broadcast sent. Stats: {"total":3,"available":3,"claimed":0,"completed":0,"claimedByUs":0,"createdByUs":3}
🔁 Reminder broadcast sent. Stats: {"total":3,"available":3,"claimed":0,"completed":0,"claimedByUs":0,"createdByUs":3}
🔁 Reminder broadcast sent. Stats: {"total":3,"available":3,"claimed":0,"completed":0,"claimedByUs":0,"createdByUs":3}
🔁 Reminder broadcast sent. Stats: {"total":3,"available":3,"claimed":0,"completed":0,"claimedByUs":0,"createdByUs":3}
🔁 Reminder broadcast sent. Stats: {"total":3,"available":3,"claimed":0,"completed":0,"claimedByUs":0,"createdByUs":3}
🔁 Reminder broadcast sent. Stats: {"total":3,"available":3,"claimed":0,"completed":0,"claimedByUs":0,"createdByUs":3}
🔁 Reminder broadcast sent. Stats: {"total":3,"available":3,"claimed":0,"completed":0,"claimedByUs":0,"createdByUs":3}
🔁 Reminder broadcast sent. Stats: {"total":3,"available":3,"claimed":0,"completed":0,"claimedByUs":0,"createdByUs":3}
🔁 Reminder broadcast sent. Stats: {"total":3,"available":3,"claimed":0,"completed":0,"claimedByUs":0,"createdByUs":3}
🔁 Reminder broadcast sent. Stats: {"total":3,"available":3,"claimed":0,"completed":0,"claimedByUs":0,"createdByUs":3}
🔁 Reminder broadcast sent. Stats: {"total":3,"available":3,"claimed":0,"completed":0,"claimedByUs":0,"createdByUs":3}
🔁 Reminder broadcast sent. Stats: {"total":3,"available":3,"claimed":0,"completed":0,"claimedByUs":0,"createdByUs":3}
🔁 Reminder broadcast sent. Stats: {"total":3,"available":3,"claimed":0,"completed":0,"claimedByUs":0,"createdByUs":3}
🔁 Reminder broadcast sent. Stats: {"total":3,"available":3,"claimed":0,"completed":0,"claimedByUs":0,"createdByUs":3}
🔁 Reminder broadcast sent. Stats: {"total":3,"available":3,"claimed":0,"completed":0,"claimedByUs":0,"createdByUs":3}
🔁 Reminder broadcast sent. Stats: {"total":3,"available":3,"claimed":0,"completed":0,"claimedByUs":0,"createdByUs":3}
🔁 Reminder broadcast sent. Stats: {"total":3,"available":3,"claimed":0,"completed":0,"claimedByUs":0,"createdByUs":3}
🔁 Reminder broadcast sent. Stats: {"total":3,"available":3,"claimed":0,"completed":0,"claimedByUs":0,"createdByUs":3}
🔁 Reminder broadcast sent. Stats: {"total":3,"available":3,"claimed":0,"completed":0,"claimedByUs":0,"createdByUs":3}
🔁 Reminder broadcast sent. Stats: {"total":3,"available":3,"claimed":0,"completed":0,"claimedByUs":0,"createdByUs":3}
[TaskCoord] Disconnected from bridge
🔁 Reminder broadcast sent. Stats: {"total":3,"available":3,"claimed":0,"completed":0,"claimedByUs":0,"createdByUs":3}
🔁 Reminder broadcast sent. Stats: {"total":3,"available":3,"claimed":0,"completed":0,"claimedByUs":0,"createdByUs":3}
🔁 Reminder broadcast sent. Stats: {"total":3,"available":3,"claimed":0,"completed":0,"claimedByUs":0,"createdByUs":3}
🔁 Reminder broadcast sent. Stats: {"total":3,"available":3,"claimed":0,"completed":0,"claimedByUs":0,"createdByUs":3}
🔁 Reminder broadcast sent. Stats: {"total":3,"available":3,"claimed":0,"completed":0,"claimedByUs":0,"createdByUs":3}
🔁 Reminder broadcast sent. Stats: {"total":3,"available":3,"claimed":0,"completed":0,"claimedByUs":0,"createdByUs":3}
🔁 Reminder broadcast sent. Stats: {"total":3,"available":3,"claimed":0,"completed":0,"claimedByUs":0,"createdByUs":3}
🔁 Reminder broadcast sent. Stats: {"total":3,"available":3,"claimed":0,"completed":0,"claimedByUs":0,"createdByUs":3}
🔁 Reminder broadcast sent. Stats: {"total":3,"available":3,"claimed":0,"completed":0,"claimedByUs":0,"createdByUs":3}
🔁 Reminder broadcast sent. Stats: {"total":3,"available":3,"claimed":0,"completed":0,"claimedByUs":0,"createdByUs":3}
🔁 Reminder broadcast sent. Stats: {"total":3,"available":3,"claimed":0,"completed":0,"claimedByUs":0,"createdByUs":3}
🔁 Reminder broadcast sent. Stats: {"total":3,"available":3,"claimed":0,"completed":0,"claimedByUs":0,"createdByUs":3}
🔁 Reminder broadcast sent. Stats: {"total":3,"available":3,"claimed":0,"completed":0,"claimedByUs":0,"createdByUs":3}
🔁 Reminder broadcast sent. Stats: {"total":3,"available":3,"claimed":0,"completed":0,"claimedByUs":0,"createdByUs":3}
🔁 Reminder broadcast sent. Stats: {"total":3,"available":3,"claimed":0,"completed":0,"claimedByUs":0,"createdByUs":3}
🔁 Reminder broadcast sent. Stats: {"total":3,"available":3,"claimed":0,"completed":0,"claimedByUs":0,"createdByUs":3}
🔁 Reminder broadcast sent. Stats: {"total":3,"available":3,"claimed":0,"completed":0,"claimedByUs":0,"createdByUs":3}
🔁 Reminder broadcast sent. Stats: {"total":3,"available":3,"claimed":0,"completed":0,"claimedByUs":0,"createdByUs":3}
🔁 Reminder broadcast sent. Stats: {"total":3,"available":3,"claimed":0,"completed":0,"claimedByUs":0,"createdByUs":3}
🔁 Reminder broadcast sent. Stats: {"total":3,"available":3,"claimed":0,"completed":0,"claimedByUs":0,"createdByUs":3}
🔁 Reminder broadcast sent. Stats: {"total":3,"available":3,"claimed":0,"completed":0,"claimedByUs":0,"createdByUs":3}
🔁 Reminder broadcast sent. Stats: {"total":3,"available":3,"claimed":0,"completed":0,"claimedByUs":0,"createdByUs":3}
🔁 Reminder broadcast sent. Stats: {"total":3,"available":3,"claimed":0,"completed":0,"claimedByUs":0,"createdByUs":3}
🔁 Reminder broadcast sent. Stats: {"total":3,"available":3,"claimed":0,"completed":0,"claimedByUs":0,"createdByUs":3}
🔁 Reminder broadcast sent. Stats: {"total":3,"available":3,"claimed":0,"completed":0,"claimedByUs":0,"createdByUs":3}
🔁 Reminder broadcast sent. Stats: {"total":3,"available":3,"claimed":0,"completed":0,"claimedByUs":0,"createdByUs":3}
🔁 Reminder broadcast sent. Stats: {"total":3,"available":3,"claimed":0,"completed":0,"claimedByUs":0,"createdByUs":3}
🔁 Reminder broadcast sent. Stats: {"total":3,"available":3,"claimed":0,"completed":0,"claimedByUs":0,"createdByUs":3}
🔁 Reminder broadcast sent. Stats: {"total":3,"available":3,"claimed":0,"completed":0,"claimedByUs":0,"createdByUs":3}
🔁 Reminder broadcast sent. Stats: {"total":3,"available":3,"claimed":0,"completed":0,"claimedByUs":0,"createdByUs":3}
🔁 Reminder broadcast sent. Stats: {"total":3,"available":3,"claimed":0,"completed":0,"claimedByUs":0,"createdByUs":3}
🔁 Reminder broadcast sent. Stats: {"total":3,"available":3,"claimed":0,"completed":0,"claimedByUs":0,"createdByUs":3}
🔁 Reminder broadcast sent. Stats: {"total":3,"available":3,"claimed":0,"completed":0,"claimedByUs":0,"createdByUs":3}
🔁 Reminder broadcast sent. Stats: {"total":3,"available":3,"claimed":0,"completed":0,"claimedByUs":0,"createdByUs":3}
🔁 Reminder broadcast sent. Stats: {"total":3,"available":3,"claimed":0,"completed":0,"claimedByUs":0,"createdByUs":3}
🔁 Reminder broadcast sent. Stats: {"total":3,"available":3,"claimed":0,"completed":0,"claimedByUs":0,"createdByUs":3}
🔁 Reminder broadcast sent. Stats: {"total":3,"available":3,"claimed":0,"completed":0,"claimedByUs":0,"createdByUs":3}
🔁 Reminder broadcast sent. Stats: {"total":3,"available":3,"claimed":0,"completed":0,"claimedByUs":0,"createdByUs":3}
🔁 Reminder broadcast sent. Stats: {"total":3,"available":3,"claimed":0,"completed":0,"claimedByUs":0,"createdByUs":3}
🔁 Reminder broadcast sent. Stats: {"total":3,"available":3,"claimed":0,"completed":0,"claimedByUs":0,"createdByUs":3}
🔁 Reminder broadcast sent. Stats: {"total":3,"available":3,"claimed":0,"completed":0,"claimedByUs":0,"createdByUs":3}
🔁 Reminder broadcast sent. Stats: {"total":3,"available":3,"claimed":0,"completed":0,"claimedByUs":0,"createdByUs":3}
🔁 Reminder broadcast sent. Stats: {"total":3,"available":3,"claimed":0,"completed":0,"claimedByUs":0,"createdByUs":3}
🔁 Reminder broadcast sent. Stats: {"total":3,"available":3,"claimed":0,"completed":0,"claimedByUs":0,"createdByUs":3}
🔁 Reminder broadcast sent. Stats: {"total":3,"available":3,"claimed":0,"completed":0,"claimedByUs":0,"createdByUs":3}
🔁 Reminder broadcast sent. Stats: {"total":3,"available":3,"claimed":0,"completed":0,"claimedByUs":0,"createdByUs":3}
🔁 Reminder broadcast sent. Stats: {"total":3,"available":3,"claimed":0,"completed":0,"claimedByUs":0,"createdByUs":3}
🔁 Reminder broadcast sent. Stats: {"total":3,"available":3,"claimed":0,"completed":0,"claimedByUs":0,"createdByUs":3}
🔁 Reminder broadcast sent. Stats: {"total":3,"available":3,"claimed":0,"completed":0,"claimedByUs":0,"createdByUs":3}
🔁 Reminder broadcast sent. Stats: {"total":3,"available":3,"claimed":0,"completed":0,"claimedByUs":0,"createdByUs":3}
🔁 Reminder broadcast sent. Stats: {"total":3,"available":3,"claimed":0,"completed":0,"claimedByUs":0,"createdByUs":3}
🔁 Reminder broadcast sent. Stats: {"total":3,"available":3,"claimed":0,"completed":0,"claimedByUs":0,"createdByUs":3}
🔁 Reminder broadcast sent. Stats: {"total":3,"available":3,"claimed":0,"completed":0,"claimedByUs":0,"createdByUs":3}
🔁 Reminder broadcast sent. Stats: {"total":3,"available":3,"claimed":0,"completed":0,"claimedByUs":0,"createdByUs":3}
🔁 Reminder broadcast sent. Stats: {"total":3,"available":3,"claimed":0,"completed":0,"claimedByUs":0,"createdByUs":3}
🔁 Reminder broadcast sent. Stats: {"total":3,"available":3,"claimed":0,"completed":0,"claimedByUs":0,"createdByUs":3}
🔁 Reminder broadcast sent. Stats: {"total":3,"available":3,"claimed":0,"completed":0,"claimedByUs":0,"createdByUs":3}
🔁 Reminder broadcast sent. Stats: {"total":3,"available":3,"claimed":0,"completed":0,"claimedByUs":0,"createdByUs":3}
🔁 Reminder broadcast sent. Stats: {"total":3,"available":3,"claimed":0,"completed":0,"claimedByUs":0,"createdByUs":3}
🔁 Reminder broadcast sent. Stats: {"total":3,"available":3,"claimed":0,"completed":0,"claimedByUs":0,"createdByUs":3}
🔁 Reminder broadcast sent. Stats: {"total":3,"available":3,"claimed":0,"completed":0,"claimedByUs":0,"createdByUs":3}
🔁 Reminder broadcast sent. Stats: {"total":3,"available":3,"claimed":0,"completed":0,"claimedByUs":0,"createdByUs":3}
🔁 Reminder broadcast sent. Stats: {"total":3,"available":3,"claimed":0,"completed":0,"claimedByUs":0,"createdByUs":3}
🔁 Reminder broadcast sent. Stats: {"total":3,"available":3,"claimed":0,"completed":0,"claimedByUs":0,"createdByUs":3}
🔁 Reminder broadcast sent. Stats: {"total":3,"available":3,"claimed":0,"completed":0,"claimedByUs":0,"createdByUs":3}
🔁 Reminder broadcast sent. Stats: {"total":3,"available":3,"claimed":0,"completed":0,"claimedByUs":0,"createdByUs":3}
🔁 Reminder broadcast sent. Stats: {"total":3,"available":3,"claimed":0,"completed":0,"claimedByUs":0,"createdByUs":3}
🔁 Reminder broadcast sent. Stats: {"total":3,"available":3,"claimed":0,"completed":0,"claimedByUs":0,"createdByUs":3}
🔁 Reminder broadcast sent. Stats: {"total":3,"available":3,"claimed":0,"completed":0,"claimedByUs":0,"createdByUs":3}
🔁 Reminder broadcast sent. Stats: {"total":3,"available":3,"claimed":0,"completed":0,"claimedByUs":0,"createdByUs":3}
🔁 Reminder broadcast sent. Stats: {"total":3,"available":3,"claimed":0,"completed":0,"claimedByUs":0,"createdByUs":3}
🔁 Reminder broadcast sent. Stats: {"total":3,"available":3,"claimed":0,"completed":0,"claimedByUs":0,"createdByUs":3}
🔁 Reminder broadcast sent. Stats: {"total":3,"available":3,"claimed":0,"completed":0,"claimedByUs":0,"createdByUs":3}
🔁 Reminder broadcast sent. Stats: {"total":3,"available":3,"claimed":0,"completed":0,"claimedByUs":0,"createdByUs":3}
🔁 Reminder broadcast sent. Stats: {"total":3,"available":3,"claimed":0,"completed":0,"claimedByUs":0,"createdByUs":3}
🔁 Reminder broadcast sent. Stats: {"total":3,"available":3,"claimed":0,"completed":0,"claimedByUs":0,"createdByUs":3}
🔁 Reminder broadcast sent. Stats: {"total":3,"available":3,"claimed":0,"completed":0,"claimedByUs":0,"createdByUs":3}
🔁 Reminder broadcast sent. Stats: {"total":3,"available":3,"claimed":0,"completed":0,"claimedByUs":0,"createdByUs":3}
🔁 Reminder broadcast sent. Stats: {"total":3,"available":3,"claimed":0,"completed":0,"claimedByUs":0,"createdByUs":3}
🔁 Reminder broadcast sent. Stats: {"total":3,"available":3,"claimed":0,"completed":0,"claimedByUs":0,"createdByUs":3}
🔁 Reminder broadcast sent. Stats: {"total":3,"available":3,"claimed":0,"completed":0,"claimedByUs":0,"createdByUs":3}
🔁 Reminder broadcast sent. Stats: {"total":3,"available":3,"claimed":0,"completed":0,"claimedByUs":0,"createdByUs":3}
🔁 Reminder broadcast sent. Stats: {"total":3,"available":3,"claimed":0,"completed":0,"claimedByUs":0,"createdByUs":3}
🔁 Reminder broadcast sent. Stats: {"total":3,"available":3,"claimed":0,"completed":0,"claimedByUs":0,"createdByUs":3}
🔁 Reminder broadcast sent. Stats: {"total":3,"available":3,"claimed":0,"completed":0,"claimedByUs":0,"createdByUs":3}
🔁 Reminder broadcast sent. Stats: {"total":3,"available":3,"claimed":0,"completed":0,"claimedByUs":0,"createdByUs":3}
🔁 Reminder broadcast sent. Stats: {"total":3,"available":3,"claimed":0,"completed":0,"claimedByUs":0,"createdByUs":3}
🔁 Reminder broadcast sent. Stats: {"total":3,"available":3,"claimed":0,"completed":0,"claimedByUs":0,"createdByUs":3}
🔁 Reminder broadcast sent. Stats: {"total":3,"available":3,"claimed":0,"completed":0,"claimedByUs":0,"createdByUs":3}
🔁 Reminder broadcast sent. Stats: {"total":3,"available":3,"claimed":0,"completed":0,"claimedByUs":0,"createdByUs":3}
🔁 Reminder broadcast sent. Stats: {"total":3,"available":3,"claimed":0,"completed":0,"claimedByUs":0,"createdByUs":3}
🔁 Reminder broadcast sent. Stats: {"total":3,"available":3,"claimed":0,"completed":0,"claimedByUs":0,"createdByUs":3}
🔁 Reminder broadcast sent. Stats: {"total":3,"available":3,"claimed":0,"completed":0,"claimedByUs":0,"createdByUs":3}
🔁 Reminder broadcast sent. Stats: {"total":3,"available":3,"claimed":0,"completed":0,"claimedByUs":0,"createdByUs":3}
🔁 Reminder broadcast sent. Stats: {"total":3,"available":3,"claimed":0,"completed":0,"claimedByUs":0,"createdByUs":3}
🔁 Reminder broadcast sent. Stats: {"total":3,"available":3,"claimed":0,"completed":0,"claimedByUs":0,"createdByUs":3}
🔁 Reminder broadcast sent. Stats: {"total":3,"available":3,"claimed":0,"completed":0,"claimedByUs":0,"createdByUs":3}
🔁 Reminder broadcast sent. Stats: {"total":3,"available":3,"claimed":0,"completed":0,"claimedByUs":0,"createdByUs":3}
🔁 Reminder broadcast sent. Stats: {"total":3,"available":3,"claimed":0,"completed":0,"claimedByUs":0,"createdByUs":3}
🔁 Reminder broadcast sent. Stats: {"total":3,"available":3,"claimed":0,"completed":0,"claimedByUs":0,"createdByUs":3}
🔁 Reminder broadcast sent. Stats: {"total":3,"available":3,"claimed":0,"completed":0,"claimedByUs":0,"createdByUs":3}
🔁 Reminder broadcast sent. Stats: {"total":3,"available":3,"claimed":0,"completed":0,"claimedByUs":0,"createdByUs":3}
🔁 Reminder broadcast sent. Stats: {"total":3,"available":3,"claimed":0,"completed":0,"claimedByUs":0,"createdByUs":3}
🔁 Reminder broadcast sent. Stats: {"total":3,"available":3,"claimed":0,"completed":0,"claimedByUs":0,"createdByUs":3}
🔁 Reminder broadcast sent. Stats: {"total":3,"available":3,"claimed":0,"completed":0,"claimedByUs":0,"createdByUs":3}
🔁 Reminder broadcast sent. Stats: {"total":3,"available":3,"claimed":0,"completed":0,"claimedByUs":0,"createdByUs":3}
🔁 Reminder broadcast sent. Stats: {"total":3,"available":3,"claimed":0,"completed":0,"claimedByUs":0,"createdByUs":3}
🔁 Reminder broadcast sent. Stats: {"total":3,"available":3,"claimed":0,"completed":0,"claimedByUs":0,"createdByUs":3}
🔁 Reminder broadcast sent. Stats: {"total":3,"available":3,"claimed":0,"completed":0,"claimedByUs":0,"createdByUs":3}
🔁 Reminder broadcast sent. Stats: {"total":3,"available":3,"claimed":0,"completed":0,"claimedByUs":0,"createdByUs":3}
🔁 Reminder broadcast sent. Stats: {"total":3,"available":3,"claimed":0,"completed":0,"claimedByUs":0,"createdByUs":3}
🔁 Reminder broadcast sent. Stats: {"total":3,"available":3,"claimed":0,"completed":0,"claimedByUs":0,"createdByUs":3}
🔁 Reminder broadcast sent. Stats: {"total":3,"available":3,"claimed":0,"completed":0,"claimedByUs":0,"createdByUs":3}
🔁 Reminder broadcast sent. Stats: {"total":3,"available":3,"claimed":0,"completed":0,"claimedByUs":0,"createdByUs":3}
🔁 Reminder broadcast sent. Stats: {"total":3,"available":3,"claimed":0,"completed":0,"claimedByUs":0,"createdByUs":3}
🔁 Reminder broadcast sent. Stats: {"total":3,"available":3,"claimed":0,"completed":0,"claimedByUs":0,"createdByUs":3}
🔁 Reminder broadcast sent. Stats: {"total":3,"available":3,"claimed":0,"completed":0,"claimedByUs":0,"createdByUs":3}
🔁 Reminder broadcast sent. Stats: {"total":3,"available":3,"claimed":0,"completed":0,"claimedByUs":0,"createdByUs":3}
🔁 Reminder broadcast sent. Stats: {"total":3,"available":3,"claimed":0,"completed":0,"claimedByUs":0,"createdByUs":3}
🔁 Reminder broadcast sent. Stats: {"total":3,"available":3,"claimed":0,"completed":0,"claimedByUs":0,"createdByUs":3}
🔁 Reminder broadcast sent. Stats: {"total":3,"available":3,"claimed":0,"completed":0,"claimedByUs":0,"createdByUs":3}
🔁 Reminder broadcast sent. Stats: {"total":3,"available":3,"claimed":0,"completed":0,"claimedByUs":0,"createdByUs":3}
🔁 Reminder broadcast sent. Stats: {"total":3,"available":3,"claimed":0,"completed":0,"claimedByUs":0,"createdByUs":3}
🔁 Reminder broadcast sent. Stats: {"total":3,"available":3,"claimed":0,"completed":0,"claimedByUs":0,"createdByUs":3}
🔁 Reminder broadcast sent. Stats: {"total":3,"available":3,"claimed":0,"completed":0,"claimedByUs":0,"createdByUs":3}
🔁 Reminder broadcast sent. Stats: {"total":3,"available":3,"claimed":0,"completed":0,"claimedByUs":0,"createdByUs":3}
🔁 Reminder broadcast sent. Stats: {"total":3,"available":3,"claimed":0,"completed":0,"claimedByUs":0,"createdByUs":3}
🔁 Reminder broadcast sent. Stats: {"total":3,"available":3,"claimed":0,"completed":0,"claimedByUs":0,"createdByUs":3}
🔁 Reminder broadcast sent. Stats: {"total":3,"available":3,"claimed":0,"completed":0,"claimedByUs":0,"createdByUs":3}
🔁 Reminder broadcast sent. Stats: {"total":3,"available":3,"claimed":0,"completed":0,"claimedByUs":0,"createdByUs":3}
🔁 Reminder broadcast sent. Stats: {"total":3,"available":3,"claimed":0,"completed":0,"claimedByUs":0,"createdByUs":3}
🔁 Reminder broadcast sent. Stats: {"total":3,"available":3,"claimed":0,"completed":0,"claimedByUs":0,"createdByUs":3}
🔁 Reminder broadcast sent. Stats: {"total":3,"available":3,"claimed":0,"completed":0,"claimedByUs":0,"createdByUs":3}
🔁 Reminder broadcast sent. Stats: {"total":3,"available":3,"claimed":0,"completed":0,"claimedByUs":0,"createdByUs":3}
🔁 Reminder broadcast sent. Stats: {"total":3,"available":3,"claimed":0,"completed":0,"claimedByUs":0,"createdByUs":3}
🔁 Reminder broadcast sent. Stats: {"total":3,"available":3,"claimed":0,"completed":0,"claimedByUs":0,"createdByUs":3}
🔁 Reminder broadcast sent. Stats: {"total":3,"available":3,"claimed":0,"completed":0,"claimedByUs":0,"createdByUs":3}
🔁 Reminder broadcast sent. Stats: {"total":3,"available":3,"claimed":0,"completed":0,"claimedByUs":0,"createdByUs":3}
🔁 Reminder broadcast sent. Stats: {"total":3,"available":3,"claimed":0,"completed":0,"claimedByUs":0,"createdByUs":3}
🔁 Reminder broadcast sent. Stats: {"total":3,"available":3,"claimed":0,"completed":0,"claimedByUs":0,"createdByUs":3}
🔁 Reminder broadcast sent. Stats: {"total":3,"available":3,"claimed":0,"completed":0,"claimedByUs":0,"createdByUs":3}
🔁 Reminder broadcast sent. Stats: {"total":3,"available":3,"claimed":0,"completed":0,"claimedByUs":0,"createdByUs":3}
🔁 Reminder broadcast sent. Stats: {"total":3,"available":3,"claimed":0,"completed":0,"claimedByUs":0,"createdByUs":3}
🔁 Reminder broadcast sent. Stats: {"total":3,"available":3,"claimed":0,"completed":0,"claimedByUs":0,"createdByUs":3}
🔁 Reminder broadcast sent. Stats: {"total":3,"available":3,"claimed":0,"completed":0,"claimedByUs":0,"createdByUs":3}
🔁 Reminder broadcast sent. Stats: {"total":3,"available":3,"claimed":0,"completed":0,"claimedByUs":0,"createdByUs":3}
🔁 Reminder broadcast sent. Stats: {"total":3,"available":3,"claimed":0,"completed":0,"claimedByUs":0,"createdByUs":3}
🔁 Reminder broadcast sent. Stats: {"total":3,"available":3,"claimed":0,"completed":0,"claimedByUs":0,"createdByUs":3}
🔁 Reminder broadcast sent. Stats: {"total":3,"available":3,"claimed":0,"completed":0,"claimedByUs":0,"createdByUs":3}
🔁 Reminder broadcast sent. Stats: {"total":3,"available":3,"claimed":0,"completed":0,"claimedByUs":0,"createdByUs":3}
🔁 Reminder broadcast sent. Stats: {"total":3,"available":3,"claimed":0,"completed":0,"claimedByUs":0,"createdByUs":3}
🔁 Reminder broadcast sent. Stats: {"total":3,"available":3,"claimed":0,"completed":0,"claimedByUs":0,"createdByUs":3}
🔁 Reminder broadcast sent. Stats: {"total":3,"available":3,"claimed":0,"completed":0,"claimedByUs":0,"createdByUs":3}
🔁 Reminder broadcast sent. Stats: {"total":3,"available":3,"claimed":0,"completed":0,"claimedByUs":0,"createdByUs":3}
🔁 Reminder broadcast sent. Stats: {"total":3,"available":3,"claimed":0,"completed":0,"claimedByUs":0,"createdByUs":3}
🔁 Reminder broadcast sent. Stats: {"total":3,"available":3,"claimed":0,"completed":0,"claimedByUs":0,"createdByUs":3}
🔁 Reminder broadcast sent. Stats: {"total":3,"available":3,"claimed":0,"completed":0,"claimedByUs":0,"createdByUs":3}
🔁 Reminder broadcast sent. Stats: {"total":3,"available":3,"claimed":0,"completed":0,"claimedByUs":0,"createdByUs":3}
🔁 Reminder broadcast sent. Stats: {"total":3,"available":3,"claimed":0,"completed":0,"claimedByUs":0,"createdByUs":3}
🔁 Reminder broadcast sent. Stats: {"total":3,"available":3,"claimed":0,"completed":0,"claimedByUs":0,"createdByUs":3}
🔁 Reminder broadcast sent. Stats: {"total":3,"available":3,"claimed":0,"completed":0,"claimedByUs":0,"createdByUs":3}
🔁 Reminder broadcast sent. Stats: {"total":3,"available":3,"claimed":0,"completed":0,"claimedByUs":0,"createdByUs":3}
🔁 Reminder broadcast sent. Stats: {"total":3,"available":3,"claimed":0,"completed":0,"claimedByUs":0,"createdByUs":3}
🔁 Reminder broadcast sent. Stats: {"total":3,"available":3,"claimed":0,"completed":0,"claimedByUs":0,"createdByUs":3}
🔁 Reminder broadcast sent. Stats: {"total":3,"available":3,"claimed":0,"completed":0,"claimedByUs":0,"createdByUs":3}
🔁 Reminder broadcast sent. Stats: {"total":3,"available":3,"claimed":0,"completed":0,"claimedByUs":0,"createdByUs":3}
🔁 Reminder broadcast sent. Stats: {"total":3,"available":3,"claimed":0,"completed":0,"claimedByUs":0,"createdByUs":3}
🔁 Reminder broadcast sent. Stats: {"total":3,"available":3,"claimed":0,"completed":0,"claimedByUs":0,"createdByUs":3}
🔁 Reminder broadcast sent. Stats: {"total":3,"available":3,"claimed":0,"completed":0,"claimedByUs":0,"createdByUs":3}
🔁 Reminder broadcast sent. Stats: {"total":3,"available":3,"claimed":0,"completed":0,"claimedByUs":0,"createdByUs":3}
🔁 Reminder broadcast sent. Stats: {"total":3,"available":3,"claimed":0,"completed":0,"claimedByUs":0,"createdByUs":3}
🔁 Reminder broadcast sent. Stats: {"total":3,"available":3,"claimed":0,"completed":0,"claimedByUs":0,"createdByUs":3}
🔁 Reminder broadcast sent. Stats: {"total":3,"available":3,"claimed":0,"completed":0,"claimedByUs":0,"createdByUs":3}
🔁 Reminder broadcast sent. Stats: {"total":3,"available":3,"claimed":0,"completed":0,"claimedByUs":0,"createdByUs":3}
🔁 Reminder broadcast sent. Stats: {"total":3,"available":3,"claimed":0,"completed":0,"claimedByUs":0,"createdByUs":3}
🔁 Reminder broadcast sent. Stats: {"total":3,"available":3,"claimed":0,"completed":0,"claimedByUs":0,"createdByUs":3}
🔁 Reminder broadcast sent. Stats: {"total":3,"available":3,"claimed":0,"completed":0,"claimedByUs":0,"createdByUs":3}
🔁 Reminder broadcast sent. Stats: {"total":3,"available":3,"claimed":0,"completed":0,"claimedByUs":0,"createdByUs":3}
🔁 Reminder broadcast sent. Stats: {"total":3,"available":3,"claimed":0,"completed":0,"claimedByUs":0,"createdByUs":3}
🔁 Reminder broadcast sent. Stats: {"total":3,"available":3,"claimed":0,"completed":0,"claimedByUs":0,"createdByUs":3}
🔁 Reminder broadcast sent. Stats: {"total":3,"available":3,"claimed":0,"completed":0,"claimedByUs":0,"createdByUs":3}
🔁 Reminder broadcast sent. Stats: {"total":3,"available":3,"claimed":0,"completed":0,"claimedByUs":0,"createdByUs":3}
🔁 Reminder broadcast sent. Stats: {"total":3,"available":3,"claimed":0,"completed":0,"claimedByUs":0,"createdByUs":3}
🔁 Reminder broadcast sent. Stats: {"total":3,"available":3,"claimed":0,"completed":0,"claimedByUs":0,"createdByUs":3}
🔁 Reminder broadcast sent. Stats: {"total":3,"available":3,"claimed":0,"completed":0,"claimedByUs":0,"createdByUs":3}
🔁 Reminder broadcast sent. Stats: {"total":3,"available":3,"claimed":0,"completed":0,"claimedByUs":0,"createdByUs":3}
🔁 Reminder broadcast sent. Stats: {"total":3,"available":3,"claimed":0,"completed":0,"claimedByUs":0,"createdByUs":3}
🔁 Reminder broadcast sent. Stats: {"total":3,"available":3,"claimed":0,"completed":0,"claimedByUs":0,"createdByUs":3}
🔁 Reminder broadcast sent. Stats: {"total":3,"available":3,"claimed":0,"completed":0,"claimedByUs":0,"createdByUs":3}
🔁 Reminder broadcast sent. Stats: {"total":3,"available":3,"claimed":0,"completed":0,"claimedByUs":0,"createdByUs":3}
🔁 Reminder broadcast sent. Stats: {"total":3,"available":3,"claimed":0,"completed":0,"claimedByUs":0,"createdByUs":3}
🔁 Reminder broadcast sent. Stats: {"total":3,"available":3,"claimed":0,"completed":0,"claimedByUs":0,"createdByUs":3}
🔁 Reminder broadcast sent. Stats: {"total":3,"available":3,"claimed":0,"completed":0,"claimedByUs":0,"createdByUs":3}
🔁 Reminder broadcast sent. Stats: {"total":3,"available":3,"claimed":0,"completed":0,"claimedByUs":0,"createdByUs":3}
🔁 Reminder broadcast sent. Stats: {"total":3,"available":3,"claimed":0,"completed":0,"claimedByUs":0,"createdByUs":3}
🔁 Reminder broadcast sent. Stats: {"total":3,"available":3,"claimed":0,"completed":0,"claimedByUs":0,"createdByUs":3}
🔁 Reminder broadcast sent. Stats: {"total":3,"available":3,"claimed":0,"completed":0,"claimedByUs":0,"createdByUs":3}
🔁 Reminder broadcast sent. Stats: {"total":3,"available":3,"claimed":0,"completed":0,"claimedByUs":0,"createdByUs":3}
🔁 Reminder broadcast sent. Stats: {"total":3,"available":3,"claimed":0,"completed":0,"claimedByUs":0,"createdByUs":3}
🔁 Reminder broadcast sent. Stats: {"total":3,"available":3,"claimed":0,"completed":0,"claimedByUs":0,"createdByUs":3}
🔁 Reminder broadcast sent. Stats: {"total":3,"available":3,"claimed":0,"completed":0,"claimedByUs":0,"createdByUs":3}
🔁 Reminder broadcast sent. Stats: {"total":3,"available":3,"claimed":0,"completed":0,"claimedByUs":0,"createdByUs":3}
🔁 Reminder broadcast sent. Stats: {"total":3,"available":3,"claimed":0,"completed":0,"claimedByUs":0,"createdByUs":3}
🔁 Reminder broadcast sent. Stats: {"total":3,"available":3,"claimed":0,"completed":0,"claimedByUs":0,"createdByUs":3}
🔁 Reminder broadcast sent. Stats: {"total":3,"available":3,"claimed":0,"completed":0,"claimedByUs":0,"createdByUs":3}
🔁 Reminder broadcast sent. Stats: {"total":3,"available":3,"claimed":0,"completed":0,"claimedByUs":0,"createdByUs":3}
🔁 Reminder broadcast sent. Stats: {"total":3,"available":3,"claimed":0,"completed":0,"claimedByUs":0,"createdByUs":3}
🔁 Reminder broadcast sent. Stats: {"total":3,"available":3,"claimed":0,"completed":0,"claimedByUs":0,"createdByUs":3}
🔁 Reminder broadcast sent. Stats: {"total":3,"available":3,"claimed":0,"completed":0,"claimedByUs":0,"createdByUs":3}
🔁 Reminder broadcast sent. Stats: {"total":3,"available":3,"claimed":0,"completed":0,"claimedByUs":0,"createdByUs":3}
🔁 Reminder broadcast sent. Stats: {"total":3,"available":3,"claimed":0,"completed":0,"claimedByUs":0,"createdByUs":3}
🔁 Reminder broadcast sent. Stats: {"total":3,"available":3,"claimed":0,"completed":0,"claimedByUs":0,"createdByUs":3}
🔁 Reminder broadcast sent. Stats: {"total":3,"available":3,"claimed":0,"completed":0,"claimedByUs":0,"createdByUs":3}
🔁 Reminder broadcast sent. Stats: {"total":3,"available":3,"claimed":0,"completed":0,"claimedByUs":0,"createdByUs":3}
🔁 Reminder broadcast sent. Stats: {"total":3,"available":3,"claimed":0,"completed":0,"claimedByUs":0,"createdByUs":3}
🔁 Reminder broadcast sent. Stats: {"total":3,"available":3,"claimed":0,"completed":0,"claimedByUs":0,"createdByUs":3}
🔁 Reminder broadcast sent. Stats: {"total":3,"available":3,"claimed":0,"completed":0,"claimedByUs":0,"createdByUs":3}
🔁 Reminder broadcast sent. Stats: {"total":3,"available":3,"claimed":0,"completed":0,"claimedByUs":0,"createdByUs":3}
🔁 Reminder broadcast sent. Stats: {"total":3,"available":3,"claimed":0,"completed":0,"claimedByUs":0,"createdByUs":3}
🔁 Reminder broadcast sent. Stats: {"total":3,"available":3,"claimed":0,"completed":0,"claimedByUs":0,"createdByUs":3}
🔁 Reminder broadcast sent. Stats: {"total":3,"available":3,"claimed":0,"completed":0,"claimedByUs":0,"createdByUs":3}
🔁 Reminder broadcast sent. Stats: {"total":3,"available":3,"claimed":0,"completed":0,"claimedByUs":0,"createdByUs":3}
